// Jest Snapshot v1, https://goo.gl/fbAQLP

exports[`NewsContainer should match the snapshot with all the data passed correctly 1`] = `
<div
  className="news-container"
>
  <NewsArticle
    description="Classic-rock band The Who has postponed its Denver concert, set for Sunday, Sept. 29, after an illness robbed singer Roger Daltrey of his voice, the band said on Twitter."
    headline="The Who postpones Denver Concert at the Pepsi Center"
    id={1}
    image="https://theknow.denverpost.com/wp-content/uploads/2016/03/CDXXTHEWHODSC_4082x.jpg"
    key="0"
    url="https://theknow.denverpost.com/2019/09/27/the-who-postpones-denver-concert/225182/"
  />
  <NewsArticle
    description="The 24-foot-tall chicken skeleton towers over the people who pass through the main hall of the Denver Central Library. Skeletal wings extend to the side, and it looks downright prehistoric."
    headline="Giant Chicken Skeleton In Denverâ€™s Central Library Stands For More Than Just Dinner"
    id={2}
    image="https://i0.wp.com/wp-cpr.s3.amazonaws.com/uploads/2019/09/cpr-swolf_black-cube-monumental_DSC8170.jpg?resize=2064,1376"
    key="1"
    url="https://www.cpr.org/2019/09/27/giant-chicken-skeleton-in-denvers-central-library-stands-for-more-than-just-dinner/"
  />
  <NewsArticle
    description="Car2Go, the popular car-sharing and rental company, will be leaving Denver at the end of the October, the company announced Friday."
    headline="Car2Go leaving Denver amid company shake-up"
    id={3}
    image="https://www.denverpost.com/wp-content/uploads/2017/06/cd20carsharingdsc_8786.jpg?w=859"
    key="2"
    url="https://www.denverpost.com/2019/09/27/car2go-leaving-denver/"
  />
</div>
`;
