// Jest Snapshot v1, https://goo.gl/fbAQLP

exports[`Header should match the snapshot with all the data passed correctly 1`] = `
<header>
  <form>
    <h1>
      What's New?
    </h1>
    <input
      className="search-bar-input"
      id="search-bar"
      onChange={[Function]}
      placeholder="Search for news articles here"
      type="text"
    />
    <button
      className="search-bar-btn"
      onClick={[Function]}
      type="button"
    >
      Search Now
    </button>
  </form>
</header>
`;
